  Geri yüklenecek projeler belirleniyor...
c:\Users\ararg\source\AIRepos\Hydra\Hydra.csproj : warning NU1701: 'Oracle.ManagedDataAccess 23.6.1' paketi, proje hedef çerçevesi 'net10.0' yerine '.NETFramework,Version=v4.6.1, .NETFramework,Version=v4.6.2, .NETFramework,Version=v4.7, .NETFramework,Version=v4.7.1, .NETFramework,Version=v4.7.2, .NETFramework,Version=v4.8, .NETFramework,Version=v4.8.1' kullanılarak geri yüklendi. Bu paket projenizle tamamen uyumlu olmayabilir.
  c:\Users\ararg\source\AIRepos\Hydra\Hydra.csproj geri yüklendi (262 ms içinde).
c:\Users\ararg\source\AIRepos\Hydra\Hydra.csproj : warning NU1701: 'Oracle.ManagedDataAccess 23.6.1' paketi, proje hedef çerçevesi 'net10.0' yerine '.NETFramework,Version=v4.6.1, .NETFramework,Version=v4.6.2, .NETFramework,Version=v4.7, .NETFramework,Version=v4.7.1, .NETFramework,Version=v4.7.2, .NETFramework,Version=v4.8, .NETFramework,Version=v4.8.1' kullanılarak geri yüklendi. Bu paket projenizle tamamen uyumlu olmayabilir.
c:\Users\ararg\source\AIRepos\Hydra\CacheManagement\LRUCache.cs(13,80): warning CS8714: 'TKey' türü, 'ConcurrentDictionary<TKey, TValue>' genel türü veya metodu için 'TKey' tür parametresi olarak kullanılamıyor. 'TKey' tür bağımsız değişkeninin boş değer atanabilirliği, 'notnull' kısıtlamasıyla eşleşmiyor. [c:\Users\ararg\source\AIRepos\Hydra\Hydra.csproj]
c:\Users\ararg\source\AIRepos\Hydra\CacheManagement\TimedCache.cs(12,64): warning CS8714: 'TKey' türü, 'ConcurrentDictionary<TKey, TValue>' genel türü veya metodu için 'TKey' tür parametresi olarak kullanılamıyor. 'TKey' tür bağımsız değişkeninin boş değer atanabilirliği, 'notnull' kısıtlamasıyla eşleşmiyor. [c:\Users\ararg\source\AIRepos\Hydra\Hydra.csproj]
c:\Users\ararg\source\AIRepos\Hydra\DTOs\MetaColumnDTO.cs(652,82): warning CS8625: Null sabit değer, boş değer atanamayan başvuru türüne dönüştürülemiyor. [c:\Users\ararg\source\AIRepos\Hydra\Hydra.csproj]
c:\Users\ararg\source\AIRepos\Hydra\DTOs\ViewConfigurations\DetailsViewConfiguration.cs(15,47): warning CS8625: Null sabit değer, boş değer atanamayan başvuru türüne dönüştürülemiyor. [c:\Users\ararg\source\AIRepos\Hydra\Hydra.csproj]
c:\Users\ararg\source\AIRepos\Hydra\DTOs\ViewConfigurations\DetailsViewConfiguration.cs(18,34): warning CS8625: Null sabit değer, boş değer atanamayan başvuru türüne dönüştürülemiyor. [c:\Users\ararg\source\AIRepos\Hydra\Hydra.csproj]
c:\Users\ararg\source\AIRepos\Hydra\DTOs\ViewConfigurations\DetailsViewConfiguration.cs(19,35): warning CS8625: Null sabit değer, boş değer atanamayan başvuru türüne dönüştürülemiyor. [c:\Users\ararg\source\AIRepos\Hydra\Hydra.csproj]
c:\Users\ararg\source\AIRepos\Hydra\DTOs\ViewConfigurations\DetailsViewConfiguration.cs(38,47): warning CS8625: Null sabit değer, boş değer atanamayan başvuru türüne dönüştürülemiyor. [c:\Users\ararg\source\AIRepos\Hydra\Hydra.csproj]
c:\Users\ararg\source\AIRepos\Hydra\DTOs\ViewConfigurations\DetailsViewConfiguration.cs(41,34): warning CS8625: Null sabit değer, boş değer atanamayan başvuru türüne dönüştürülemiyor. [c:\Users\ararg\source\AIRepos\Hydra\Hydra.csproj]
c:\Users\ararg\source\AIRepos\Hydra\DTOs\ViewConfigurations\DetailsViewConfiguration.cs(42,35): warning CS8625: Null sabit değer, boş değer atanamayan başvuru türüne dönüştürülemiyor. [c:\Users\ararg\source\AIRepos\Hydra\Hydra.csproj]
c:\Users\ararg\source\AIRepos\Hydra\DTOs\ViewConfigurations\DetailsViewConfiguration.cs(62,47): warning CS8625: Null sabit değer, boş değer atanamayan başvuru türüne dönüştürülemiyor. [c:\Users\ararg\source\AIRepos\Hydra\Hydra.csproj]
c:\Users\ararg\source\AIRepos\Hydra\DTOs\ViewConfigurations\DetailsViewConfiguration.cs(63,34): warning CS8625: Null sabit değer, boş değer atanamayan başvuru türüne dönüştürülemiyor. [c:\Users\ararg\source\AIRepos\Hydra\Hydra.csproj]
c:\Users\ararg\source\AIRepos\Hydra\DTOs\ViewConfigurations\DetailsViewConfiguration.cs(64,35): warning CS8625: Null sabit değer, boş değer atanamayan başvuru türüne dönüştürülemiyor. [c:\Users\ararg\source\AIRepos\Hydra\Hydra.csproj]
c:\Users\ararg\source\AIRepos\Hydra\DTOs\TableDTO.cs(312,53): warning CS8625: Null sabit değer, boş değer atanamayan başvuru türüne dönüştürülemiyor. [c:\Users\ararg\source\AIRepos\Hydra\Hydra.csproj]
c:\Users\ararg\source\AIRepos\Hydra\DTOs\TableDTO.cs(690,95): warning CS8625: Null sabit değer, boş değer atanamayan başvuru türüne dönüştürülemiyor. [c:\Users\ararg\source\AIRepos\Hydra\Hydra.csproj]
c:\Users\ararg\source\AIRepos\Hydra\DTOs\TableDTO.cs(927,124): warning CS8625: Null sabit değer, boş değer atanamayan başvuru türüne dönüştürülemiyor. [c:\Users\ararg\source\AIRepos\Hydra\Hydra.csproj]
c:\Users\ararg\source\AIRepos\Hydra\DTOs\TableDTO.cs(927,154): warning CS8625: Null sabit değer, boş değer atanamayan başvuru türüne dönüştürülemiyor. [c:\Users\ararg\source\AIRepos\Hydra\Hydra.csproj]
c:\Users\ararg\source\AIRepos\Hydra\DTOs\TableDTO.cs(932,124): warning CS8625: Null sabit değer, boş değer atanamayan başvuru türüne dönüştürülemiyor. [c:\Users\ararg\source\AIRepos\Hydra\Hydra.csproj]
c:\Users\ararg\source\AIRepos\Hydra\DTOs\TableDTO.cs(932,154): warning CS8625: Null sabit değer, boş değer atanamayan başvuru türüne dönüştürülemiyor. [c:\Users\ararg\source\AIRepos\Hydra\Hydra.csproj]
c:\Users\ararg\source\AIRepos\Hydra\DTOs\TableDTO.cs(937,123): warning CS8625: Null sabit değer, boş değer atanamayan başvuru türüne dönüştürülemiyor. [c:\Users\ararg\source\AIRepos\Hydra\Hydra.csproj]
c:\Users\ararg\source\AIRepos\Hydra\DTOs\TableDTO.cs(937,153): warning CS8625: Null sabit değer, boş değer atanamayan başvuru türüne dönüştürülemiyor. [c:\Users\ararg\source\AIRepos\Hydra\Hydra.csproj]
c:\Users\ararg\source\AIRepos\Hydra\DTOs\TableDTO.cs(942,135): warning CS8625: Null sabit değer, boş değer atanamayan başvuru türüne dönüştürülemiyor. [c:\Users\ararg\source\AIRepos\Hydra\Hydra.csproj]
c:\Users\ararg\source\AIRepos\Hydra\DTOs\TableDTO.cs(942,165): warning CS8625: Null sabit değer, boş değer atanamayan başvuru türüne dönüştürülemiyor. [c:\Users\ararg\source\AIRepos\Hydra\Hydra.csproj]
c:\Users\ararg\source\AIRepos\Hydra\DTOs\ViewConfigurations\CreateViewConfiguration.cs(19,34): warning CS8625: Null sabit değer, boş değer atanamayan başvuru türüne dönüştürülemiyor. [c:\Users\ararg\source\AIRepos\Hydra\Hydra.csproj]
c:\Users\ararg\source\AIRepos\Hydra\DTOs\ViewConfigurations\CreateViewConfiguration.cs(20,35): warning CS8625: Null sabit değer, boş değer atanamayan başvuru türüne dönüştürülemiyor. [c:\Users\ararg\source\AIRepos\Hydra\Hydra.csproj]
c:\Users\ararg\source\AIRepos\Hydra\DTOs\ViewConfigurations\CreateViewConfiguration.cs(40,51): warning CS8625: Null sabit değer, boş değer atanamayan başvuru türüne dönüştürülemiyor. [c:\Users\ararg\source\AIRepos\Hydra\Hydra.csproj]
c:\Users\ararg\source\AIRepos\Hydra\CacheManagement\LRUCache.cs(23,46): warning CS8714: 'TKey' türü, 'ConcurrentDictionary<TKey, TValue>' genel türü veya metodu için 'TKey' tür parametresi olarak kullanılamıyor. 'TKey' tür bağımsız değişkeninin boş değer atanabilirliği, 'notnull' kısıtlamasıyla eşleşmiyor. [c:\Users\ararg\source\AIRepos\Hydra\Hydra.csproj]
c:\Users\ararg\source\AIRepos\Hydra\CacheManagement\LRUCache.cs(73,25): warning CS8625: Null sabit değer, boş değer atanamayan başvuru türüne dönüştürülemiyor. [c:\Users\ararg\source\AIRepos\Hydra\Hydra.csproj]
c:\Users\ararg\source\AIRepos\Hydra\CacheManagement\TimedCache.cs(18,46): warning CS8714: 'TKey' türü, 'ConcurrentDictionary<TKey, TValue>' genel türü veya metodu için 'TKey' tür parametresi olarak kullanılamıyor. 'TKey' tür bağımsız değişkeninin boş değer atanabilirliği, 'notnull' kısıtlamasıyla eşleşmiyor. [c:\Users\ararg\source\AIRepos\Hydra\Hydra.csproj]
c:\Users\ararg\source\AIRepos\Hydra\CacheManagement\TimedCache.cs(19,38): warning CS8622: Muhtemelen null atanabilirlik öznitelikleri nedeniyle, 'state' parametresinin 'void TimedCache<TKey, TValue>.CleanupExpiredItems(object state)' türündeki başvuru türlerinin null atanabilirliği 'TimerCallback' hedef temsilcisiyle eşleşmiyor. [c:\Users\ararg\source\AIRepos\Hydra\Hydra.csproj]
c:\Users\ararg\source\AIRepos\Hydra\CacheManagement\TimedCache.cs(43,25): warning CS8625: Null sabit değer, boş değer atanamayan başvuru türüne dönüştürülemiyor. [c:\Users\ararg\source\AIRepos\Hydra\Hydra.csproj]
c:\Users\ararg\source\AIRepos\Hydra\DAL\Core\UnitOfWork.cs(90,48): warning CS8604: 'void PropertyValues.SetValues(PropertyValues propertyValues)' içindeki 'propertyValues' parametresi için olası null başvuru bağımsız değişkeni. [c:\Users\ararg\source\AIRepos\Hydra\Hydra.csproj]
c:\Users\ararg\source\AIRepos\Hydra\DAL\Core\Repository.Command.cs(72,29): warning CS8602: Olası bir null başvurunun başvurma işlemi. [c:\Users\ararg\source\AIRepos\Hydra\Hydra.csproj]
c:\Users\ararg\source\AIRepos\Hydra\DTOs\DataColumnDTO.cs(47,38): warning CS8600: Null sabit değeri veya olası null değeri, boş değer atanamaz türe dönüştürülüyor. [c:\Users\ararg\source\AIRepos\Hydra\Hydra.csproj]
c:\Users\ararg\source\AIRepos\Hydra\Utils\ReflectionHelper.cs(117,26): warning CS8602: Olası bir null başvurunun başvurma işlemi. [c:\Users\ararg\source\AIRepos\Hydra\Hydra.csproj]
c:\Users\ararg\source\AIRepos\Hydra\DTOs\FileInfoDTO.cs(17,16): warning CS8618: Null atanamaz özellik 'Name', oluşturucudan çıkış yaparken null olmayan bir değer içermelidir. 'Gerekli' değiştiricisini ekleyin veya özellik değerini null atanabilir olarak bildirmeyi göz önünde bulundurun. [c:\Users\ararg\source\AIRepos\Hydra\Hydra.csproj]
c:\Users\ararg\source\AIRepos\Hydra\DTOs\FileInfoDTO.cs(17,16): warning CS8618: Null atanamaz özellik 'Extension', oluşturucudan çıkış yaparken null olmayan bir değer içermelidir. 'Gerekli' değiştiricisini ekleyin veya özellik değerini null atanabilir olarak bildirmeyi göz önünde bulundurun. [c:\Users\ararg\source\AIRepos\Hydra\Hydra.csproj]
c:\Users\ararg\source\AIRepos\Hydra\Services\RoleSystemUserService.cs(39,58): error CS1061: 'RoleSystemUserService' bir 'Injector' tanımı içermiyor ve 'RoleSystemUserService' türünde bir ilk bağımsız değişken kabul eden hiçbir erişilebilir 'Injector' genişletme yöntemi bulunamadı (bir kullanma yönergeniz veya derleme başvurunuz eksik olabilir mi?) [c:\Users\ararg\source\AIRepos\Hydra\Hydra.csproj]
c:\Users\ararg\source\AIRepos\Hydra\DAL\Core\Repository.Command.cs(126,29): warning CS8602: Olası bir null başvurunun başvurma işlemi. [c:\Users\ararg\source\AIRepos\Hydra\Hydra.csproj]
c:\Users\ararg\source\AIRepos\Hydra\DTOs\JoinTableDTO.cs(73,203): warning CS8625: Null sabit değer, boş değer atanamayan başvuru türüne dönüştürülemiyor. [c:\Users\ararg\source\AIRepos\Hydra\Hydra.csproj]
c:\Users\ararg\source\AIRepos\Hydra\Services\RoleSystemUserService.cs(55,64): error CS1061: 'RoleSystemUserService' bir 'Injector' tanımı içermiyor ve 'RoleSystemUserService' türünde bir ilk bağımsız değişken kabul eden hiçbir erişilebilir 'Injector' genişletme yöntemi bulunamadı (bir kullanma yönergeniz veya derleme başvurunuz eksik olabilir mi?) [c:\Users\ararg\source\AIRepos\Hydra\Hydra.csproj]
c:\Users\ararg\source\AIRepos\Hydra\Services\Core\Service.Command.cs(85,33): warning CS8602: Olası bir null başvurunun başvurma işlemi. [c:\Users\ararg\source\AIRepos\Hydra\Hydra.csproj]
c:\Users\ararg\source\AIRepos\Hydra\DTOs\NavigationColumnInfoDTO.cs(28,16): warning CS8618: Null atanamaz özellik 'LeftTableName', oluşturucudan çıkış yaparken null olmayan bir değer içermelidir. 'Gerekli' değiştiricisini ekleyin veya özellik değerini null atanabilir olarak bildirmeyi göz önünde bulundurun. [c:\Users\ararg\source\AIRepos\Hydra\Hydra.csproj]
c:\Users\ararg\source\AIRepos\Hydra\DTOs\NavigationColumnInfoDTO.cs(28,16): warning CS8618: Null atanamaz özellik 'LeftTableKeyName', oluşturucudan çıkış yaparken null olmayan bir değer içermelidir. 'Gerekli' değiştiricisini ekleyin veya özellik değerini null atanabilir olarak bildirmeyi göz önünde bulundurun. [c:\Users\ararg\source\AIRepos\Hydra\Hydra.csproj]
c:\Users\ararg\source\AIRepos\Hydra\DTOs\NavigationColumnInfoDTO.cs(28,16): warning CS8618: Null atanamaz özellik 'NameToDisplay', oluşturucudan çıkış yaparken null olmayan bir değer içermelidir. 'Gerekli' değiştiricisini ekleyin veya özellik değerini null atanabilir olarak bildirmeyi göz önünde bulundurun. [c:\Users\ararg\source\AIRepos\Hydra\Hydra.csproj]
c:\Users\ararg\source\AIRepos\Hydra\DTOs\NavigationColumnInfoDTO.cs(28,16): warning CS8618: Null atanamaz özellik 'RightTableKeyName', oluşturucudan çıkış yaparken null olmayan bir değer içermelidir. 'Gerekli' değiştiricisini ekleyin veya özellik değerini null atanabilir olarak bildirmeyi göz önünde bulundurun. [c:\Users\ararg\source\AIRepos\Hydra\Hydra.csproj]
c:\Users\ararg\source\AIRepos\Hydra\DTOs\NavigationColumnInfoDTO.cs(28,16): warning CS8618: Null atanamaz özellik 'RightTableName', oluşturucudan çıkış yaparken null olmayan bir değer içermelidir. 'Gerekli' değiştiricisini ekleyin veya özellik değerini null atanabilir olarak bildirmeyi göz önünde bulundurun. [c:\Users\ararg\source\AIRepos\Hydra\Hydra.csproj]
c:\Users\ararg\source\AIRepos\Hydra\DTOs\RowDTO.cs(21,16): warning CS8618: Null atanamaz özellik 'TableName', oluşturucudan çıkış yaparken null olmayan bir değer içermelidir. 'Gerekli' değiştiricisini ekleyin veya özellik değerini null atanabilir olarak bildirmeyi göz önünde bulundurun. [c:\Users\ararg\source\AIRepos\Hydra\Hydra.csproj]
c:\Users\ararg\source\AIRepos\Hydra\Utils\ExpressionHelper.cs(31,24): warning CS8600: Null sabit değeri veya olası null değeri, boş değer atanamaz türe dönüştürülüyor. [c:\Users\ararg\source\AIRepos\Hydra\Hydra.csproj]
c:\Users\ararg\source\AIRepos\Hydra\DTOs\NavigationColumnInfoDTO.cs(56,33): warning CS8601: Olası null başvuru ataması. [c:\Users\ararg\source\AIRepos\Hydra\Hydra.csproj]
c:\Users\ararg\source\AIRepos\Hydra\DTOs\NavigationColumnInfoDTO.cs(57,36): warning CS8601: Olası null başvuru ataması. [c:\Users\ararg\source\AIRepos\Hydra\Hydra.csproj]
c:\Users\ararg\source\AIRepos\Hydra\DTOs\NavigationColumnInfoDTO.cs(58,37): warning CS8601: Olası null başvuru ataması. [c:\Users\ararg\source\AIRepos\Hydra\Hydra.csproj]
c:\Users\ararg\source\AIRepos\Hydra\DTOs\NavigationColumnInfoDTO.cs(59,34): warning CS8601: Olası null başvuru ataması. [c:\Users\ararg\source\AIRepos\Hydra\Hydra.csproj]
c:\Users\ararg\source\AIRepos\Hydra\DTOs\NavigationColumnInfoDTO.cs(61,33): warning CS8601: Olası null başvuru ataması. [c:\Users\ararg\source\AIRepos\Hydra\Hydra.csproj]
c:\Users\ararg\source\AIRepos\Hydra\DTOs\RowDTO.cs(44,20): warning CS8602: Olası bir null başvurunun başvurma işlemi. [c:\Users\ararg\source\AIRepos\Hydra\Hydra.csproj]
c:\Users\ararg\source\AIRepos\Hydra\DTOs\RowDTO.cs(44,20): warning CS8603: Olası null başvuru dönüşü. [c:\Users\ararg\source\AIRepos\Hydra\Hydra.csproj]
c:\Users\ararg\source\AIRepos\Hydra\DTOs\NavigationColumnInfoDTO.cs(71,24): warning CS8603: Olası null başvuru dönüşü. [c:\Users\ararg\source\AIRepos\Hydra\Hydra.csproj]
c:\Users\ararg\source\AIRepos\Hydra\DTOs\RowDTO.cs(52,29): warning CS8601: Olası null başvuru ataması. [c:\Users\ararg\source\AIRepos\Hydra\Hydra.csproj]
c:\Users\ararg\source\AIRepos\Hydra\Utils\EnumHelper.cs(97,32): warning CS8604: 'void Dictionary<string, int>.Add(string key, int value)' içindeki 'key' parametresi için olası null başvuru bağımsız değişkeni. [c:\Users\ararg\source\AIRepos\Hydra\Hydra.csproj]
c:\Users\ararg\source\AIRepos\Hydra\DTOs\RowDTO.cs(63,22): warning CS8602: Olası bir null başvurunun başvurma işlemi. [c:\Users\ararg\source\AIRepos\Hydra\Hydra.csproj]
c:\Users\ararg\source\AIRepos\Hydra\DAL\Core\Repository.cs(64,41): warning CS8620: 'Func<T, bool>' türündeki bağımsız değişken, başvuru türlerinin null atanabilirlik farklılıkları nedeniyle 'T? Enumerable.FirstOrDefault<T?>(IEnumerable<T?> source, Func<T?, bool> predicate)' içinde 'Func<T?, bool>' türündeki 'predicate' parametresi için kullanılamaz. [c:\Users\ararg\source\AIRepos\Hydra\Hydra.csproj]
c:\Users\ararg\source\AIRepos\Hydra\DTOs\TableDTO.cs(100,60): warning CS8602: Olası bir null başvurunun başvurma işlemi. [c:\Users\ararg\source\AIRepos\Hydra\Hydra.csproj]
c:\Users\ararg\source\AIRepos\Hydra\DTOs\JoinTableDTO.cs(209,101): warning CS8602: Olası bir null başvurunun başvurma işlemi. [c:\Users\ararg\source\AIRepos\Hydra\Hydra.csproj]
c:\Users\ararg\source\AIRepos\Hydra\DTOs\ViewConfigurations\CreateViewConfiguration.cs(50,36): warning CS8604: 'CreateViewConfiguration.CreateViewConfiguration(AttributeToFilter toFilter, NavigationColumnInfo? navigation = null, HtmlElementType elementType = HtmlElementType.Input, HtmlInputType inputType = HtmlInputType.text, string displayName = null, object defaultValue = null, bool isForeignKey = false)' içindeki 'displayName' parametresi için olası null başvuru bağımsız değişkeni. [c:\Users\ararg\source\AIRepos\Hydra\Hydra.csproj]
c:\Users\ararg\source\AIRepos\Hydra\DTOs\ViewConfigurations\CreateViewConfiguration.cs(51,37): warning CS8604: 'CreateViewConfiguration.CreateViewConfiguration(AttributeToFilter toFilter, NavigationColumnInfo? navigation = null, HtmlElementType elementType = HtmlElementType.Input, HtmlInputType inputType = HtmlInputType.text, string displayName = null, object defaultValue = null, bool isForeignKey = false)' içindeki 'defaultValue' parametresi için olası null başvuru bağımsız değişkeni. [c:\Users\ararg\source\AIRepos\Hydra\Hydra.csproj]
c:\Users\ararg\source\AIRepos\Hydra\DTOs\ViewConfigurations\CreateViewConfiguration.cs(69,30): warning CS8604: 'CreateViewConfiguration.CreateViewConfiguration(AttributeToFilter toFilter, NavigationColumnInfo? navigation = null, HtmlElementType elementType = HtmlElementType.Input, HtmlInputType inputType = HtmlInputType.text, string displayName = null, object defaultValue = null, bool isForeignKey = false)' içindeki 'displayName' parametresi için olası null başvuru bağımsız değişkeni. [c:\Users\ararg\source\AIRepos\Hydra\Hydra.csproj]
c:\Users\ararg\source\AIRepos\Hydra\DTOs\ViewConfigurations\CreateViewConfiguration.cs(70,31): warning CS8604: 'CreateViewConfiguration.CreateViewConfiguration(AttributeToFilter toFilter, NavigationColumnInfo? navigation = null, HtmlElementType elementType = HtmlElementType.Input, HtmlInputType inputType = HtmlInputType.text, string displayName = null, object defaultValue = null, bool isForeignKey = false)' içindeki 'defaultValue' parametresi için olası null başvuru bağımsız değişkeni. [c:\Users\ararg\source\AIRepos\Hydra\Hydra.csproj]
c:\Users\ararg\source\AIRepos\Hydra\Services\LogService.cs(86,57): warning CS8600: Null sabit değeri veya olası null değeri, boş değer atanamaz türe dönüştürülüyor. [c:\Users\ararg\source\AIRepos\Hydra\Hydra.csproj]
c:\Users\ararg\source\AIRepos\Hydra\DTOs\MetaColumnDTO.cs(421,237): warning CS8620: 'List<object>' türündeki bağımsız değişken, başvuru türlerinin null atanabilirlik farklılıkları nedeniyle 'MetaColumnDTO MetaColumnDTO.CreateColumnDTOWithFilter(string name, string? alias, int priority, string filterTypeName, int filterPriority, bool createFilterComponentFromThis, List<object?>? values)' içinde 'List<object?>' türündeki 'values' parametresi için kullanılamaz. [c:\Users\ararg\source\AIRepos\Hydra\Hydra.csproj]
c:\Users\ararg\source\AIRepos\Hydra\Services\Core\Service.Command.cs(286,56): warning CS8602: Olası bir null başvurunun başvurma işlemi. [c:\Users\ararg\source\AIRepos\Hydra\Hydra.csproj]
c:\Users\ararg\source\AIRepos\Hydra\DTOs\MetaColumnDTO.cs(426,240): warning CS8620: 'List<object>' türündeki bağımsız değişken, başvuru türlerinin null atanabilirlik farklılıkları nedeniyle 'MetaColumnDTO MetaColumnDTO.CreateColumnDTOWithFilter(string name, string? alias, int priority, string filterTypeName, int filterPriority, bool createFilterComponentFromThis, List<object?>? values)' içinde 'List<object?>' türündeki 'values' parametresi için kullanılamaz. [c:\Users\ararg\source\AIRepos\Hydra\Hydra.csproj]
c:\Users\ararg\source\AIRepos\Hydra\DTOs\ViewDTOs\ViewDTO.cs(399,105): warning CS8603: Olası null başvuru dönüşü. [c:\Users\ararg\source\AIRepos\Hydra\Hydra.csproj]
c:\Users\ararg\source\AIRepos\Hydra\DTOs\MetaColumnDTO.cs(431,259): warning CS8625: Null sabit değer, boş değer atanamayan başvuru türüne dönüştürülemiyor. [c:\Users\ararg\source\AIRepos\Hydra\Hydra.csproj]
c:\Users\ararg\source\AIRepos\Hydra\DTOs\MetaColumnDTO.cs(431,238): warning CS8620: 'List<object>' türündeki bağımsız değişken, başvuru türlerinin null atanabilirlik farklılıkları nedeniyle 'MetaColumnDTO MetaColumnDTO.CreateColumnDTOWithFilter(string name, string? alias, int priority, string filterTypeName, int filterPriority, bool createFilterComponentFromThis, List<object?>? values)' içinde 'List<object?>' türündeki 'values' parametresi için kullanılamaz. [c:\Users\ararg\source\AIRepos\Hydra\Hydra.csproj]
c:\Users\ararg\source\AIRepos\Hydra\DataModels\QueryBuilder.cs(55,134): warning CS8602: Olası bir null başvurunun başvurma işlemi. [c:\Users\ararg\source\AIRepos\Hydra\Hydra.csproj]
c:\Users\ararg\source\AIRepos\Hydra\DTOs\MetaColumnDTO.cs(436,262): warning CS8625: Null sabit değer, boş değer atanamayan başvuru türüne dönüştürülemiyor. [c:\Users\ararg\source\AIRepos\Hydra\Hydra.csproj]
c:\Users\ararg\source\AIRepos\Hydra\DTOs\MetaColumnDTO.cs(436,241): warning CS8620: 'List<object>' türündeki bağımsız değişken, başvuru türlerinin null atanabilirlik farklılıkları nedeniyle 'MetaColumnDTO MetaColumnDTO.CreateColumnDTOWithFilter(string name, string? alias, int priority, string filterTypeName, int filterPriority, bool createFilterComponentFromThis, List<object?>? values)' içinde 'List<object?>' türündeki 'values' parametresi için kullanılamaz. [c:\Users\ararg\source\AIRepos\Hydra\Hydra.csproj]
c:\Users\ararg\source\AIRepos\Hydra\DTOs\MetaColumnDTO.cs(441,240): warning CS8620: 'List<object>' türündeki bağımsız değişken, başvuru türlerinin null atanabilirlik farklılıkları nedeniyle 'MetaColumnDTO MetaColumnDTO.CreateColumnDTOWithFilter(string name, string? alias, int priority, string filterTypeName, int filterPriority, bool createFilterComponentFromThis, List<object?>? values)' içinde 'List<object?>' türündeki 'values' parametresi için kullanılamaz. [c:\Users\ararg\source\AIRepos\Hydra\Hydra.csproj]
c:\Users\ararg\source\AIRepos\Hydra\DTOs\MetaColumnDTO.cs(446,234): warning CS8620: 'List<object>' türündeki bağımsız değişken, başvuru türlerinin null atanabilirlik farklılıkları nedeniyle 'MetaColumnDTO MetaColumnDTO.CreateColumnDTOWithFilter(string name, string? alias, int priority, string filterTypeName, int filterPriority, bool createFilterComponentFromThis, List<object?>? values)' içinde 'List<object?>' türündeki 'values' parametresi için kullanılamaz. [c:\Users\ararg\source\AIRepos\Hydra\Hydra.csproj]
c:\Users\ararg\source\AIRepos\Hydra\DAL\Core\Repository.cs(144,44): warning CS8604: 'bool Func<byte[], byte[], bool>.Invoke(byte[] arg1, byte[] arg2)' içindeki 'arg1' parametresi için olası null başvuru bağımsız değişkeni. [c:\Users\ararg\source\AIRepos\Hydra\Hydra.csproj]
c:\Users\ararg\source\AIRepos\Hydra\DAL\Core\Repository.cs(144,54): warning CS8604: 'bool Func<byte[], byte[], bool>.Invoke(byte[] arg1, byte[] arg2)' içindeki 'arg2' parametresi için olası null başvuru bağımsız değişkeni. [c:\Users\ararg\source\AIRepos\Hydra\Hydra.csproj]
c:\Users\ararg\source\AIRepos\Hydra\DTOs\JoinTableDTO.cs(250,64): warning CS8604: 'JoinTableDTO.JoinTableDTO(string name, string alias, string leftTableName, string leftTableColumnName, JoinType joinType, string rightTableColumnName, string rightTableName)' içindeki 'leftTableName' parametresi için olası null başvuru bağımsız değişkeni. [c:\Users\ararg\source\AIRepos\Hydra\Hydra.csproj]
c:\Users\ararg\source\AIRepos\Hydra\Services\Core\Service.cs(150,26): warning CS8601: Olası null başvuru ataması. [c:\Users\ararg\source\AIRepos\Hydra\Hydra.csproj]
c:\Users\ararg\source\AIRepos\Hydra\DTOs\MetaColumnDTO.cs(498,78): warning CS8602: Olası bir null başvurunun başvurma işlemi. [c:\Users\ararg\source\AIRepos\Hydra\Hydra.csproj]
c:\Users\ararg\source\AIRepos\Hydra\DTOs\MetaColumnDTO.cs(619,101): warning CS8604: 'NavigationColumnInfo NavigationColumnInfoDTO.ConvertToNavigationColumnInfo(NavigationColumnInfoDTO navigationColumnInfoDTO)' içindeki 'navigationColumnInfoDTO' parametresi için olası null başvuru bağımsız değişkeni. [c:\Users\ararg\source\AIRepos\Hydra\Hydra.csproj]
c:\Users\ararg\source\AIRepos\Hydra\DTOs\MetaColumnDTO.cs(649,20): warning CS8603: Olası null başvuru dönüşü. [c:\Users\ararg\source\AIRepos\Hydra\Hydra.csproj]
c:\Users\ararg\source\AIRepos\Hydra\Services\Core\Service.Query.cs(33,23): warning CS8602: Olası bir null başvurunun başvurma işlemi. [c:\Users\ararg\source\AIRepos\Hydra\Hydra.csproj]
c:\Users\ararg\source\AIRepos\Hydra\DTOs\MetaColumnDTO.cs(655,24): warning CS8603: Olası null başvuru dönüşü. [c:\Users\ararg\source\AIRepos\Hydra\Hydra.csproj]
c:\Users\ararg\source\AIRepos\Hydra\DTOs\MetaColumnDTO.cs(657,28): warning CS8600: Null sabit değeri veya olası null değeri, boş değer atanamaz türe dönüştürülüyor. [c:\Users\ararg\source\AIRepos\Hydra\Hydra.csproj]
c:\Users\ararg\source\AIRepos\Hydra\DTOs\MetaColumnDTO.cs(659,80): warning CS8604: 'object? ReflectionHelper.GetValueOf(Type type, string propertyName, object obj)' içindeki 'propertyName' parametresi için olası null başvuru bağımsız değişkeni. [c:\Users\ararg\source\AIRepos\Hydra\Hydra.csproj]
c:\Users\ararg\source\AIRepos\Hydra\DTOs\MetaColumnDTO.cs(661,20): warning CS8603: Olası null başvuru dönüşü. [c:\Users\ararg\source\AIRepos\Hydra\Hydra.csproj]
c:\Users\ararg\source\AIRepos\Hydra\DTOs\TableDTO.cs(307,16): warning CS8618: Null atanamaz özellik 'Rows', oluşturucudan çıkış yaparken null olmayan bir değer içermelidir. 'Gerekli' değiştiricisini ekleyin veya özellik değerini null atanabilir olarak bildirmeyi göz önünde bulundurun. [c:\Users\ararg\source\AIRepos\Hydra\Hydra.csproj]
c:\Users\ararg\source\AIRepos\Hydra\DTOs\TableDTO.cs(307,16): warning CS8618: Null atanamaz özellik 'ViewDTOTypeName', oluşturucudan çıkış yaparken null olmayan bir değer içermelidir. 'Gerekli' değiştiricisini ekleyin veya özellik değerini null atanabilir olarak bildirmeyi göz önünde bulundurun. [c:\Users\ararg\source\AIRepos\Hydra\Hydra.csproj]
c:\Users\ararg\source\AIRepos\Hydra\DTOs\TableDTO.cs(307,16): warning CS8618: Null atanamaz özellik 'JoinTables', oluşturucudan çıkış yaparken null olmayan bir değer içermelidir. 'Gerekli' değiştiricisini ekleyin veya özellik değerini null atanabilir olarak bildirmeyi göz önünde bulundurun. [c:\Users\ararg\source\AIRepos\Hydra\Hydra.csproj]
c:\Users\ararg\source\AIRepos\Hydra\DTOs\TableDTO.cs(307,16): warning CS8618: Null atanamaz özellik 'MetaColumns', oluşturucudan çıkış yaparken null olmayan bir değer içermelidir. 'Gerekli' değiştiricisini ekleyin veya özellik değerini null atanabilir olarak bildirmeyi göz önünde bulundurun. [c:\Users\ararg\source\AIRepos\Hydra\Hydra.csproj]
c:\Users\ararg\source\AIRepos\Hydra\DTOs\TableDTO.cs(312,16): warning CS8618: Null atanamaz özellik 'Rows', oluşturucudan çıkış yaparken null olmayan bir değer içermelidir. 'Gerekli' değiştiricisini ekleyin veya özellik değerini null atanabilir olarak bildirmeyi göz önünde bulundurun. [c:\Users\ararg\source\AIRepos\Hydra\Hydra.csproj]
c:\Users\ararg\source\AIRepos\Hydra\DTOs\TableDTO.cs(312,16): warning CS8618: Null atanamaz özellik 'ViewDTOTypeName', oluşturucudan çıkış yaparken null olmayan bir değer içermelidir. 'Gerekli' değiştiricisini ekleyin veya özellik değerini null atanabilir olarak bildirmeyi göz önünde bulundurun. [c:\Users\ararg\source\AIRepos\Hydra\Hydra.csproj]
c:\Users\ararg\source\AIRepos\Hydra\DTOs\TableDTO.cs(312,16): warning CS8618: Null atanamaz özellik 'JoinTables', oluşturucudan çıkış yaparken null olmayan bir değer içermelidir. 'Gerekli' değiştiricisini ekleyin veya özellik değerini null atanabilir olarak bildirmeyi göz önünde bulundurun. [c:\Users\ararg\source\AIRepos\Hydra\Hydra.csproj]
c:\Users\ararg\source\AIRepos\Hydra\DTOs\TableDTO.cs(312,16): warning CS8618: Null atanamaz özellik 'MetaColumns', oluşturucudan çıkış yaparken null olmayan bir değer içermelidir. 'Gerekli' değiştiricisini ekleyin veya özellik değerini null atanabilir olarak bildirmeyi göz önünde bulundurun. [c:\Users\ararg\source\AIRepos\Hydra\Hydra.csproj]
c:\Users\ararg\source\AIRepos\Hydra\DTOs\TableDTO.cs(371,44): warning CS8604: 'JoinTableDTO JoinTableDTO.SetLeftTableName(string leftTableName)' içindeki 'leftTableName' parametresi için olası null başvuru bağımsız değişkeni. [c:\Users\ararg\source\AIRepos\Hydra\Hydra.csproj]
c:\Users\ararg\source\AIRepos\Hydra\DTOs\TableDTO.cs(382,64): warning CS8604: 'JoinTableDTO.JoinTableDTO(string name, string alias, string leftTableName, string leftTableColumnName, JoinType joinType, string rightTableColumnName, string rightTableName)' içindeki 'leftTableName' parametresi için olası null başvuru bağımsız değişkeni. [c:\Users\ararg\source\AIRepos\Hydra\Hydra.csproj]
c:\Users\ararg\source\AIRepos\Hydra\DataModels\QueryBuilder.cs(277,30): warning CS0168: 'ex' değişkeni ifade edilir ancak hiçbir zaman kullanılmaz [c:\Users\ararg\source\AIRepos\Hydra\Hydra.csproj]
c:\Users\ararg\source\AIRepos\Hydra\DTOs\TableDTO.cs(403,85): warning CS8602: Olası bir null başvurunun başvurma işlemi. [c:\Users\ararg\source\AIRepos\Hydra\Hydra.csproj]
c:\Users\ararg\source\AIRepos\Hydra\Services\Core\Service.Query.cs(202,56): warning CS8604: 'void List<TResult>.Add(TResult item)' içindeki 'item' parametresi için olası null başvuru bağımsız değişkeni. [c:\Users\ararg\source\AIRepos\Hydra\Hydra.csproj]
c:\Users\ararg\source\AIRepos\Hydra\Services\Core\Service.Query.cs(210,69): warning CS8604: 'string ExpressionHelper.GetExpressionBody<T>(Expression<Func<T, bool>> expression)' içindeki 'expression' parametresi için olası null başvuru bağımsız değişkeni. [c:\Users\ararg\source\AIRepos\Hydra\Hydra.csproj]
c:\Users\ararg\source\AIRepos\Hydra\DTOs\TableDTO.cs(488,90): warning CS8604: 'ConfigurationCacheGroup ViewDTOConfigurationCacheManager.GetOrLoad(Type dtoType, string tableName, ViewType viewType)' içindeki 'tableName' parametresi için olası null başvuru bağımsız değişkeni. [c:\Users\ararg\source\AIRepos\Hydra\Hydra.csproj]
c:\Users\ararg\source\AIRepos\Hydra\DTOs\TableDTO.cs(574,43): warning CS8602: Olası bir null başvurunun başvurma işlemi. [c:\Users\ararg\source\AIRepos\Hydra\Hydra.csproj]
c:\Users\ararg\source\AIRepos\Hydra\DTOs\TableDTO.cs(608,94): warning CS8625: Null sabit değer, boş değer atanamayan başvuru türüne dönüştürülemiyor. [c:\Users\ararg\source\AIRepos\Hydra\Hydra.csproj]
c:\Users\ararg\source\AIRepos\Hydra\DTOs\TableDTO.cs(646,110): warning CS8602: Olası bir null başvurunun başvurma işlemi. [c:\Users\ararg\source\AIRepos\Hydra\Hydra.csproj]
c:\Users\ararg\source\AIRepos\Hydra\DTOs\TableDTO.cs(652,56): warning CS8602: Olası bir null başvurunun başvurma işlemi. [c:\Users\ararg\source\AIRepos\Hydra\Hydra.csproj]
c:\Users\ararg\source\AIRepos\Hydra\DTOs\TableDTO.cs(662,29): warning CS8602: Olası bir null başvurunun başvurma işlemi. [c:\Users\ararg\source\AIRepos\Hydra\Hydra.csproj]
c:\Users\ararg\source\AIRepos\Hydra\DTOs\TableDTO.cs(692,55): warning CS8602: Olası bir null başvurunun başvurma işlemi. [c:\Users\ararg\source\AIRepos\Hydra\Hydra.csproj]
c:\Users\ararg\source\AIRepos\Hydra\DTOs\TableDTO.cs(693,48): warning CS8625: Null sabit değer, boş değer atanamayan başvuru türüne dönüştürülemiyor. [c:\Users\ararg\source\AIRepos\Hydra\Hydra.csproj]
c:\Users\ararg\source\AIRepos\Hydra\DTOs\TableDTO.cs(717,88): warning CS8602: Olası bir null başvurunun başvurma işlemi. [c:\Users\ararg\source\AIRepos\Hydra\Hydra.csproj]
c:\Users\ararg\source\AIRepos\Hydra\DTOs\TableDTO.cs(717,133): warning CS8602: Olası bir null başvurunun başvurma işlemi. [c:\Users\ararg\source\AIRepos\Hydra\Hydra.csproj]
c:\Users\ararg\source\AIRepos\Hydra\DTOs\TableDTO.cs(720,96): warning CS8604: 'JoinTableDTO TableDTO.GetJoinTableDTOByMetaColumnDTO(MetaColumnDTO navigationMetaColumn, MetaColumnDTO traceColumnToJoin = null)' içindeki 'traceColumnToJoin' parametresi için olası null başvuru bağımsız değişkeni. [c:\Users\ararg\source\AIRepos\Hydra\Hydra.csproj]
c:\Users\ararg\source\AIRepos\Hydra\DTOs\TableDTO.cs(722,85): warning CS8602: Olası bir null başvurunun başvurma işlemi. [c:\Users\ararg\source\AIRepos\Hydra\Hydra.csproj]
c:\Users\ararg\source\AIRepos\Hydra\DTOs\TableDTO.cs(722,128): warning CS8602: Olası bir null başvurunun başvurma işlemi. [c:\Users\ararg\source\AIRepos\Hydra\Hydra.csproj]
c:\Users\ararg\source\AIRepos\Hydra\DTOs\TableDTO.cs(724,84): warning CS8602: Olası bir null başvurunun başvurma işlemi. [c:\Users\ararg\source\AIRepos\Hydra\Hydra.csproj]
c:\Users\ararg\source\AIRepos\Hydra\DTOs\TableDTO.cs(728,54): warning CS8602: Olası bir null başvurunun başvurma işlemi. [c:\Users\ararg\source\AIRepos\Hydra\Hydra.csproj]
c:\Users\ararg\source\AIRepos\Hydra\DTOs\TableDTO.cs(734,85): warning CS8602: Olası bir null başvurunun başvurma işlemi. [c:\Users\ararg\source\AIRepos\Hydra\Hydra.csproj]
c:\Users\ararg\source\AIRepos\Hydra\DTOs\TableDTO.cs(734,128): warning CS8602: Olası bir null başvurunun başvurma işlemi. [c:\Users\ararg\source\AIRepos\Hydra\Hydra.csproj]
c:\Users\ararg\source\AIRepos\Hydra\DTOs\TableDTO.cs(736,84): warning CS8602: Olası bir null başvurunun başvurma işlemi. [c:\Users\ararg\source\AIRepos\Hydra\Hydra.csproj]
c:\Users\ararg\source\AIRepos\Hydra\DTOs\TableDTO.cs(740,54): warning CS8602: Olası bir null başvurunun başvurma işlemi. [c:\Users\ararg\source\AIRepos\Hydra\Hydra.csproj]
c:\Users\ararg\source\AIRepos\Hydra\DTOs\TableDTO.cs(746,83): warning CS8602: Olası bir null başvurunun başvurma işlemi. [c:\Users\ararg\source\AIRepos\Hydra\Hydra.csproj]
c:\Users\ararg\source\AIRepos\Hydra\DTOs\TableDTO.cs(746,126): warning CS8602: Olası bir null başvurunun başvurma işlemi. [c:\Users\ararg\source\AIRepos\Hydra\Hydra.csproj]
c:\Users\ararg\source\AIRepos\Hydra\DTOs\TableDTO.cs(748,83): warning CS8602: Olası bir null başvurunun başvurma işlemi. [c:\Users\ararg\source\AIRepos\Hydra\Hydra.csproj]
c:\Users\ararg\source\AIRepos\Hydra\DTOs\TableDTO.cs(752,53): warning CS8602: Olası bir null başvurunun başvurma işlemi. [c:\Users\ararg\source\AIRepos\Hydra\Hydra.csproj]
c:\Users\ararg\source\AIRepos\Hydra\DTOs\TableDTO.cs(768,73): warning CS8604: 'void TableDTO.CalculateTableDepth(List<MetaColumnDTO> columns, Dictionary<string, int> tableDepths, string tableName, int currentDepth)' içindeki 'tableName' parametresi için olası null başvuru bağımsız değişkeni. [c:\Users\ararg\source\AIRepos\Hydra\Hydra.csproj]
c:\Users\ararg\source\AIRepos\Hydra\DTOs\TableDTO.cs(899,23): warning CS8629: Boş değer atanabilir değer türü null olabilir. [c:\Users\ararg\source\AIRepos\Hydra\Hydra.csproj]
c:\Users\ararg\source\AIRepos\Hydra\DTOs\TableDTO.cs(906,52): warning CS8604: 'RowDTO RowDTO.SetTableName(string tableName)' içindeki 'tableName' parametresi için olası null başvuru bağımsız değişkeni. [c:\Users\ararg\source\AIRepos\Hydra\Hydra.csproj]
c:\Users\ararg\source\AIRepos\Hydra\DTOs\TableDTO.cs(908,45): warning CS8604: 'Guid? Helper.GetNullableGuid(object objectToConvert)' içindeki 'objectToConvert' parametresi için olası null başvuru bağımsız değişkeni. [c:\Users\ararg\source\AIRepos\Hydra\Hydra.csproj]
c:\Users\ararg\source\AIRepos\Hydra\DTOs\TableDTO.cs(910,26): warning CS8629: Boş değer atanabilir değer türü null olabilir. [c:\Users\ararg\source\AIRepos\Hydra\Hydra.csproj]
c:\Users\ararg\source\AIRepos\Hydra\DTOs\TableDTO.cs(914,75): warning CS8604: 'object? ReflectionHelper.GetValueOf(Type type, string propertyName, object obj)' içindeki 'propertyName' parametresi için olası null başvuru bağımsız değişkeni. [c:\Users\ararg\source\AIRepos\Hydra\Hydra.csproj]
c:\Users\ararg\source\AIRepos\Hydra\DTOs\TableDTO.cs(944,43): warning CS8600: Null sabit değeri veya olası null değeri, boş değer atanamaz türe dönüştürülüyor. [c:\Users\ararg\source\AIRepos\Hydra\Hydra.csproj]
c:\Users\ararg\source\AIRepos\Hydra\DTOs\TableDTO.cs(947,33): warning CS8600: Null sabit değeri veya olası null değeri, boş değer atanamaz türe dönüştürülüyor. [c:\Users\ararg\source\AIRepos\Hydra\Hydra.csproj]
c:\Users\ararg\source\AIRepos\Hydra\DTOs\TableDTO.cs(955,116): warning CS8602: Olası bir null başvurunun başvurma işlemi. [c:\Users\ararg\source\AIRepos\Hydra\Hydra.csproj]
c:\Users\ararg\source\AIRepos\Hydra\DTOs\TableDTO.cs(955,41): warning CS8600: Null sabit değeri veya olası null değeri, boş değer atanamaz türe dönüştürülüyor. [c:\Users\ararg\source\AIRepos\Hydra\Hydra.csproj]
c:\Users\ararg\source\AIRepos\Hydra\DTOs\TableDTO.cs(961,116): warning CS8602: Olası bir null başvurunun başvurma işlemi. [c:\Users\ararg\source\AIRepos\Hydra\Hydra.csproj]
c:\Users\ararg\source\AIRepos\Hydra\DTOs\TableDTO.cs(961,41): warning CS8600: Null sabit değeri veya olası null değeri, boş değer atanamaz türe dönüştürülüyor. [c:\Users\ararg\source\AIRepos\Hydra\Hydra.csproj]
c:\Users\ararg\source\AIRepos\Hydra\DTOs\TableDTO.cs(967,115): warning CS8602: Olası bir null başvurunun başvurma işlemi. [c:\Users\ararg\source\AIRepos\Hydra\Hydra.csproj]
c:\Users\ararg\source\AIRepos\Hydra\DTOs\TableDTO.cs(967,41): warning CS8600: Null sabit değeri veya olası null değeri, boş değer atanamaz türe dönüştürülüyor. [c:\Users\ararg\source\AIRepos\Hydra\Hydra.csproj]
c:\Users\ararg\source\AIRepos\Hydra\DTOs\TableDTO.cs(974,33): warning CS8600: Null sabit değeri veya olası null değeri, boş değer atanamaz türe dönüştürülüyor. [c:\Users\ararg\source\AIRepos\Hydra\Hydra.csproj]
c:\Users\ararg\source\AIRepos\Hydra\DTOs\TableDTO.cs(977,20): warning CS8603: Olası null başvuru dönüşü. [c:\Users\ararg\source\AIRepos\Hydra\Hydra.csproj]

Oluşturma BAŞARISIZ OLDU.

c:\Users\ararg\source\AIRepos\Hydra\Hydra.csproj : warning NU1701: 'Oracle.ManagedDataAccess 23.6.1' paketi, proje hedef çerçevesi 'net10.0' yerine '.NETFramework,Version=v4.6.1, .NETFramework,Version=v4.6.2, .NETFramework,Version=v4.7, .NETFramework,Version=v4.7.1, .NETFramework,Version=v4.7.2, .NETFramework,Version=v4.8, .NETFramework,Version=v4.8.1' kullanılarak geri yüklendi. Bu paket projenizle tamamen uyumlu olmayabilir.
c:\Users\ararg\source\AIRepos\Hydra\Hydra.csproj : warning NU1701: 'Oracle.ManagedDataAccess 23.6.1' paketi, proje hedef çerçevesi 'net10.0' yerine '.NETFramework,Version=v4.6.1, .NETFramework,Version=v4.6.2, .NETFramework,Version=v4.7, .NETFramework,Version=v4.7.1, .NETFramework,Version=v4.7.2, .NETFramework,Version=v4.8, .NETFramework,Version=v4.8.1' kullanılarak geri yüklendi. Bu paket projenizle tamamen uyumlu olmayabilir.
c:\Users\ararg\source\AIRepos\Hydra\CacheManagement\LRUCache.cs(13,80): warning CS8714: 'TKey' türü, 'ConcurrentDictionary<TKey, TValue>' genel türü veya metodu için 'TKey' tür parametresi olarak kullanılamıyor. 'TKey' tür bağımsız değişkeninin boş değer atanabilirliği, 'notnull' kısıtlamasıyla eşleşmiyor. [c:\Users\ararg\source\AIRepos\Hydra\Hydra.csproj]
c:\Users\ararg\source\AIRepos\Hydra\CacheManagement\TimedCache.cs(12,64): warning CS8714: 'TKey' türü, 'ConcurrentDictionary<TKey, TValue>' genel türü veya metodu için 'TKey' tür parametresi olarak kullanılamıyor. 'TKey' tür bağımsız değişkeninin boş değer atanabilirliği, 'notnull' kısıtlamasıyla eşleşmiyor. [c:\Users\ararg\source\AIRepos\Hydra\Hydra.csproj]
c:\Users\ararg\source\AIRepos\Hydra\DTOs\MetaColumnDTO.cs(652,82): warning CS8625: Null sabit değer, boş değer atanamayan başvuru türüne dönüştürülemiyor. [c:\Users\ararg\source\AIRepos\Hydra\Hydra.csproj]
c:\Users\ararg\source\AIRepos\Hydra\DTOs\ViewConfigurations\DetailsViewConfiguration.cs(15,47): warning CS8625: Null sabit değer, boş değer atanamayan başvuru türüne dönüştürülemiyor. [c:\Users\ararg\source\AIRepos\Hydra\Hydra.csproj]
c:\Users\ararg\source\AIRepos\Hydra\DTOs\ViewConfigurations\DetailsViewConfiguration.cs(18,34): warning CS8625: Null sabit değer, boş değer atanamayan başvuru türüne dönüştürülemiyor. [c:\Users\ararg\source\AIRepos\Hydra\Hydra.csproj]
c:\Users\ararg\source\AIRepos\Hydra\DTOs\ViewConfigurations\DetailsViewConfiguration.cs(19,35): warning CS8625: Null sabit değer, boş değer atanamayan başvuru türüne dönüştürülemiyor. [c:\Users\ararg\source\AIRepos\Hydra\Hydra.csproj]
c:\Users\ararg\source\AIRepos\Hydra\DTOs\ViewConfigurations\DetailsViewConfiguration.cs(38,47): warning CS8625: Null sabit değer, boş değer atanamayan başvuru türüne dönüştürülemiyor. [c:\Users\ararg\source\AIRepos\Hydra\Hydra.csproj]
c:\Users\ararg\source\AIRepos\Hydra\DTOs\ViewConfigurations\DetailsViewConfiguration.cs(41,34): warning CS8625: Null sabit değer, boş değer atanamayan başvuru türüne dönüştürülemiyor. [c:\Users\ararg\source\AIRepos\Hydra\Hydra.csproj]
c:\Users\ararg\source\AIRepos\Hydra\DTOs\ViewConfigurations\DetailsViewConfiguration.cs(42,35): warning CS8625: Null sabit değer, boş değer atanamayan başvuru türüne dönüştürülemiyor. [c:\Users\ararg\source\AIRepos\Hydra\Hydra.csproj]
c:\Users\ararg\source\AIRepos\Hydra\DTOs\ViewConfigurations\DetailsViewConfiguration.cs(62,47): warning CS8625: Null sabit değer, boş değer atanamayan başvuru türüne dönüştürülemiyor. [c:\Users\ararg\source\AIRepos\Hydra\Hydra.csproj]
c:\Users\ararg\source\AIRepos\Hydra\DTOs\ViewConfigurations\DetailsViewConfiguration.cs(63,34): warning CS8625: Null sabit değer, boş değer atanamayan başvuru türüne dönüştürülemiyor. [c:\Users\ararg\source\AIRepos\Hydra\Hydra.csproj]
c:\Users\ararg\source\AIRepos\Hydra\DTOs\ViewConfigurations\DetailsViewConfiguration.cs(64,35): warning CS8625: Null sabit değer, boş değer atanamayan başvuru türüne dönüştürülemiyor. [c:\Users\ararg\source\AIRepos\Hydra\Hydra.csproj]
c:\Users\ararg\source\AIRepos\Hydra\DTOs\TableDTO.cs(312,53): warning CS8625: Null sabit değer, boş değer atanamayan başvuru türüne dönüştürülemiyor. [c:\Users\ararg\source\AIRepos\Hydra\Hydra.csproj]
c:\Users\ararg\source\AIRepos\Hydra\DTOs\TableDTO.cs(690,95): warning CS8625: Null sabit değer, boş değer atanamayan başvuru türüne dönüştürülemiyor. [c:\Users\ararg\source\AIRepos\Hydra\Hydra.csproj]
c:\Users\ararg\source\AIRepos\Hydra\DTOs\TableDTO.cs(927,124): warning CS8625: Null sabit değer, boş değer atanamayan başvuru türüne dönüştürülemiyor. [c:\Users\ararg\source\AIRepos\Hydra\Hydra.csproj]
c:\Users\ararg\source\AIRepos\Hydra\DTOs\TableDTO.cs(927,154): warning CS8625: Null sabit değer, boş değer atanamayan başvuru türüne dönüştürülemiyor. [c:\Users\ararg\source\AIRepos\Hydra\Hydra.csproj]
c:\Users\ararg\source\AIRepos\Hydra\DTOs\TableDTO.cs(932,124): warning CS8625: Null sabit değer, boş değer atanamayan başvuru türüne dönüştürülemiyor. [c:\Users\ararg\source\AIRepos\Hydra\Hydra.csproj]
c:\Users\ararg\source\AIRepos\Hydra\DTOs\TableDTO.cs(932,154): warning CS8625: Null sabit değer, boş değer atanamayan başvuru türüne dönüştürülemiyor. [c:\Users\ararg\source\AIRepos\Hydra\Hydra.csproj]
c:\Users\ararg\source\AIRepos\Hydra\DTOs\TableDTO.cs(937,123): warning CS8625: Null sabit değer, boş değer atanamayan başvuru türüne dönüştürülemiyor. [c:\Users\ararg\source\AIRepos\Hydra\Hydra.csproj]
c:\Users\ararg\source\AIRepos\Hydra\DTOs\TableDTO.cs(937,153): warning CS8625: Null sabit değer, boş değer atanamayan başvuru türüne dönüştürülemiyor. [c:\Users\ararg\source\AIRepos\Hydra\Hydra.csproj]
c:\Users\ararg\source\AIRepos\Hydra\DTOs\TableDTO.cs(942,135): warning CS8625: Null sabit değer, boş değer atanamayan başvuru türüne dönüştürülemiyor. [c:\Users\ararg\source\AIRepos\Hydra\Hydra.csproj]
c:\Users\ararg\source\AIRepos\Hydra\DTOs\TableDTO.cs(942,165): warning CS8625: Null sabit değer, boş değer atanamayan başvuru türüne dönüştürülemiyor. [c:\Users\ararg\source\AIRepos\Hydra\Hydra.csproj]
c:\Users\ararg\source\AIRepos\Hydra\DTOs\ViewConfigurations\CreateViewConfiguration.cs(19,34): warning CS8625: Null sabit değer, boş değer atanamayan başvuru türüne dönüştürülemiyor. [c:\Users\ararg\source\AIRepos\Hydra\Hydra.csproj]
c:\Users\ararg\source\AIRepos\Hydra\DTOs\ViewConfigurations\CreateViewConfiguration.cs(20,35): warning CS8625: Null sabit değer, boş değer atanamayan başvuru türüne dönüştürülemiyor. [c:\Users\ararg\source\AIRepos\Hydra\Hydra.csproj]
c:\Users\ararg\source\AIRepos\Hydra\DTOs\ViewConfigurations\CreateViewConfiguration.cs(40,51): warning CS8625: Null sabit değer, boş değer atanamayan başvuru türüne dönüştürülemiyor. [c:\Users\ararg\source\AIRepos\Hydra\Hydra.csproj]
c:\Users\ararg\source\AIRepos\Hydra\CacheManagement\LRUCache.cs(23,46): warning CS8714: 'TKey' türü, 'ConcurrentDictionary<TKey, TValue>' genel türü veya metodu için 'TKey' tür parametresi olarak kullanılamıyor. 'TKey' tür bağımsız değişkeninin boş değer atanabilirliği, 'notnull' kısıtlamasıyla eşleşmiyor. [c:\Users\ararg\source\AIRepos\Hydra\Hydra.csproj]
c:\Users\ararg\source\AIRepos\Hydra\CacheManagement\LRUCache.cs(73,25): warning CS8625: Null sabit değer, boş değer atanamayan başvuru türüne dönüştürülemiyor. [c:\Users\ararg\source\AIRepos\Hydra\Hydra.csproj]
c:\Users\ararg\source\AIRepos\Hydra\CacheManagement\TimedCache.cs(18,46): warning CS8714: 'TKey' türü, 'ConcurrentDictionary<TKey, TValue>' genel türü veya metodu için 'TKey' tür parametresi olarak kullanılamıyor. 'TKey' tür bağımsız değişkeninin boş değer atanabilirliği, 'notnull' kısıtlamasıyla eşleşmiyor. [c:\Users\ararg\source\AIRepos\Hydra\Hydra.csproj]
c:\Users\ararg\source\AIRepos\Hydra\CacheManagement\TimedCache.cs(19,38): warning CS8622: Muhtemelen null atanabilirlik öznitelikleri nedeniyle, 'state' parametresinin 'void TimedCache<TKey, TValue>.CleanupExpiredItems(object state)' türündeki başvuru türlerinin null atanabilirliği 'TimerCallback' hedef temsilcisiyle eşleşmiyor. [c:\Users\ararg\source\AIRepos\Hydra\Hydra.csproj]
c:\Users\ararg\source\AIRepos\Hydra\CacheManagement\TimedCache.cs(43,25): warning CS8625: Null sabit değer, boş değer atanamayan başvuru türüne dönüştürülemiyor. [c:\Users\ararg\source\AIRepos\Hydra\Hydra.csproj]
c:\Users\ararg\source\AIRepos\Hydra\DAL\Core\UnitOfWork.cs(90,48): warning CS8604: 'void PropertyValues.SetValues(PropertyValues propertyValues)' içindeki 'propertyValues' parametresi için olası null başvuru bağımsız değişkeni. [c:\Users\ararg\source\AIRepos\Hydra\Hydra.csproj]
c:\Users\ararg\source\AIRepos\Hydra\DAL\Core\Repository.Command.cs(72,29): warning CS8602: Olası bir null başvurunun başvurma işlemi. [c:\Users\ararg\source\AIRepos\Hydra\Hydra.csproj]
c:\Users\ararg\source\AIRepos\Hydra\DTOs\DataColumnDTO.cs(47,38): warning CS8600: Null sabit değeri veya olası null değeri, boş değer atanamaz türe dönüştürülüyor. [c:\Users\ararg\source\AIRepos\Hydra\Hydra.csproj]
c:\Users\ararg\source\AIRepos\Hydra\Utils\ReflectionHelper.cs(117,26): warning CS8602: Olası bir null başvurunun başvurma işlemi. [c:\Users\ararg\source\AIRepos\Hydra\Hydra.csproj]
c:\Users\ararg\source\AIRepos\Hydra\DTOs\FileInfoDTO.cs(17,16): warning CS8618: Null atanamaz özellik 'Name', oluşturucudan çıkış yaparken null olmayan bir değer içermelidir. 'Gerekli' değiştiricisini ekleyin veya özellik değerini null atanabilir olarak bildirmeyi göz önünde bulundurun. [c:\Users\ararg\source\AIRepos\Hydra\Hydra.csproj]
c:\Users\ararg\source\AIRepos\Hydra\DTOs\FileInfoDTO.cs(17,16): warning CS8618: Null atanamaz özellik 'Extension', oluşturucudan çıkış yaparken null olmayan bir değer içermelidir. 'Gerekli' değiştiricisini ekleyin veya özellik değerini null atanabilir olarak bildirmeyi göz önünde bulundurun. [c:\Users\ararg\source\AIRepos\Hydra\Hydra.csproj]
c:\Users\ararg\source\AIRepos\Hydra\DAL\Core\Repository.Command.cs(126,29): warning CS8602: Olası bir null başvurunun başvurma işlemi. [c:\Users\ararg\source\AIRepos\Hydra\Hydra.csproj]
c:\Users\ararg\source\AIRepos\Hydra\DTOs\JoinTableDTO.cs(73,203): warning CS8625: Null sabit değer, boş değer atanamayan başvuru türüne dönüştürülemiyor. [c:\Users\ararg\source\AIRepos\Hydra\Hydra.csproj]
c:\Users\ararg\source\AIRepos\Hydra\Services\Core\Service.Command.cs(85,33): warning CS8602: Olası bir null başvurunun başvurma işlemi. [c:\Users\ararg\source\AIRepos\Hydra\Hydra.csproj]
c:\Users\ararg\source\AIRepos\Hydra\DTOs\NavigationColumnInfoDTO.cs(28,16): warning CS8618: Null atanamaz özellik 'LeftTableName', oluşturucudan çıkış yaparken null olmayan bir değer içermelidir. 'Gerekli' değiştiricisini ekleyin veya özellik değerini null atanabilir olarak bildirmeyi göz önünde bulundurun. [c:\Users\ararg\source\AIRepos\Hydra\Hydra.csproj]
c:\Users\ararg\source\AIRepos\Hydra\DTOs\NavigationColumnInfoDTO.cs(28,16): warning CS8618: Null atanamaz özellik 'LeftTableKeyName', oluşturucudan çıkış yaparken null olmayan bir değer içermelidir. 'Gerekli' değiştiricisini ekleyin veya özellik değerini null atanabilir olarak bildirmeyi göz önünde bulundurun. [c:\Users\ararg\source\AIRepos\Hydra\Hydra.csproj]
c:\Users\ararg\source\AIRepos\Hydra\DTOs\NavigationColumnInfoDTO.cs(28,16): warning CS8618: Null atanamaz özellik 'NameToDisplay', oluşturucudan çıkış yaparken null olmayan bir değer içermelidir. 'Gerekli' değiştiricisini ekleyin veya özellik değerini null atanabilir olarak bildirmeyi göz önünde bulundurun. [c:\Users\ararg\source\AIRepos\Hydra\Hydra.csproj]
c:\Users\ararg\source\AIRepos\Hydra\DTOs\NavigationColumnInfoDTO.cs(28,16): warning CS8618: Null atanamaz özellik 'RightTableKeyName', oluşturucudan çıkış yaparken null olmayan bir değer içermelidir. 'Gerekli' değiştiricisini ekleyin veya özellik değerini null atanabilir olarak bildirmeyi göz önünde bulundurun. [c:\Users\ararg\source\AIRepos\Hydra\Hydra.csproj]
c:\Users\ararg\source\AIRepos\Hydra\DTOs\NavigationColumnInfoDTO.cs(28,16): warning CS8618: Null atanamaz özellik 'RightTableName', oluşturucudan çıkış yaparken null olmayan bir değer içermelidir. 'Gerekli' değiştiricisini ekleyin veya özellik değerini null atanabilir olarak bildirmeyi göz önünde bulundurun. [c:\Users\ararg\source\AIRepos\Hydra\Hydra.csproj]
c:\Users\ararg\source\AIRepos\Hydra\DTOs\RowDTO.cs(21,16): warning CS8618: Null atanamaz özellik 'TableName', oluşturucudan çıkış yaparken null olmayan bir değer içermelidir. 'Gerekli' değiştiricisini ekleyin veya özellik değerini null atanabilir olarak bildirmeyi göz önünde bulundurun. [c:\Users\ararg\source\AIRepos\Hydra\Hydra.csproj]
c:\Users\ararg\source\AIRepos\Hydra\Utils\ExpressionHelper.cs(31,24): warning CS8600: Null sabit değeri veya olası null değeri, boş değer atanamaz türe dönüştürülüyor. [c:\Users\ararg\source\AIRepos\Hydra\Hydra.csproj]
c:\Users\ararg\source\AIRepos\Hydra\DTOs\NavigationColumnInfoDTO.cs(56,33): warning CS8601: Olası null başvuru ataması. [c:\Users\ararg\source\AIRepos\Hydra\Hydra.csproj]
c:\Users\ararg\source\AIRepos\Hydra\DTOs\NavigationColumnInfoDTO.cs(57,36): warning CS8601: Olası null başvuru ataması. [c:\Users\ararg\source\AIRepos\Hydra\Hydra.csproj]
c:\Users\ararg\source\AIRepos\Hydra\DTOs\NavigationColumnInfoDTO.cs(58,37): warning CS8601: Olası null başvuru ataması. [c:\Users\ararg\source\AIRepos\Hydra\Hydra.csproj]
c:\Users\ararg\source\AIRepos\Hydra\DTOs\NavigationColumnInfoDTO.cs(59,34): warning CS8601: Olası null başvuru ataması. [c:\Users\ararg\source\AIRepos\Hydra\Hydra.csproj]
c:\Users\ararg\source\AIRepos\Hydra\DTOs\NavigationColumnInfoDTO.cs(61,33): warning CS8601: Olası null başvuru ataması. [c:\Users\ararg\source\AIRepos\Hydra\Hydra.csproj]
c:\Users\ararg\source\AIRepos\Hydra\DTOs\RowDTO.cs(44,20): warning CS8602: Olası bir null başvurunun başvurma işlemi. [c:\Users\ararg\source\AIRepos\Hydra\Hydra.csproj]
c:\Users\ararg\source\AIRepos\Hydra\DTOs\RowDTO.cs(44,20): warning CS8603: Olası null başvuru dönüşü. [c:\Users\ararg\source\AIRepos\Hydra\Hydra.csproj]
c:\Users\ararg\source\AIRepos\Hydra\DTOs\NavigationColumnInfoDTO.cs(71,24): warning CS8603: Olası null başvuru dönüşü. [c:\Users\ararg\source\AIRepos\Hydra\Hydra.csproj]
c:\Users\ararg\source\AIRepos\Hydra\DTOs\RowDTO.cs(52,29): warning CS8601: Olası null başvuru ataması. [c:\Users\ararg\source\AIRepos\Hydra\Hydra.csproj]
c:\Users\ararg\source\AIRepos\Hydra\Utils\EnumHelper.cs(97,32): warning CS8604: 'void Dictionary<string, int>.Add(string key, int value)' içindeki 'key' parametresi için olası null başvuru bağımsız değişkeni. [c:\Users\ararg\source\AIRepos\Hydra\Hydra.csproj]
c:\Users\ararg\source\AIRepos\Hydra\DTOs\RowDTO.cs(63,22): warning CS8602: Olası bir null başvurunun başvurma işlemi. [c:\Users\ararg\source\AIRepos\Hydra\Hydra.csproj]
c:\Users\ararg\source\AIRepos\Hydra\DAL\Core\Repository.cs(64,41): warning CS8620: 'Func<T, bool>' türündeki bağımsız değişken, başvuru türlerinin null atanabilirlik farklılıkları nedeniyle 'T? Enumerable.FirstOrDefault<T?>(IEnumerable<T?> source, Func<T?, bool> predicate)' içinde 'Func<T?, bool>' türündeki 'predicate' parametresi için kullanılamaz. [c:\Users\ararg\source\AIRepos\Hydra\Hydra.csproj]
c:\Users\ararg\source\AIRepos\Hydra\DTOs\TableDTO.cs(100,60): warning CS8602: Olası bir null başvurunun başvurma işlemi. [c:\Users\ararg\source\AIRepos\Hydra\Hydra.csproj]
c:\Users\ararg\source\AIRepos\Hydra\DTOs\JoinTableDTO.cs(209,101): warning CS8602: Olası bir null başvurunun başvurma işlemi. [c:\Users\ararg\source\AIRepos\Hydra\Hydra.csproj]
c:\Users\ararg\source\AIRepos\Hydra\DTOs\ViewConfigurations\CreateViewConfiguration.cs(50,36): warning CS8604: 'CreateViewConfiguration.CreateViewConfiguration(AttributeToFilter toFilter, NavigationColumnInfo? navigation = null, HtmlElementType elementType = HtmlElementType.Input, HtmlInputType inputType = HtmlInputType.text, string displayName = null, object defaultValue = null, bool isForeignKey = false)' içindeki 'displayName' parametresi için olası null başvuru bağımsız değişkeni. [c:\Users\ararg\source\AIRepos\Hydra\Hydra.csproj]
c:\Users\ararg\source\AIRepos\Hydra\DTOs\ViewConfigurations\CreateViewConfiguration.cs(51,37): warning CS8604: 'CreateViewConfiguration.CreateViewConfiguration(AttributeToFilter toFilter, NavigationColumnInfo? navigation = null, HtmlElementType elementType = HtmlElementType.Input, HtmlInputType inputType = HtmlInputType.text, string displayName = null, object defaultValue = null, bool isForeignKey = false)' içindeki 'defaultValue' parametresi için olası null başvuru bağımsız değişkeni. [c:\Users\ararg\source\AIRepos\Hydra\Hydra.csproj]
c:\Users\ararg\source\AIRepos\Hydra\DTOs\ViewConfigurations\CreateViewConfiguration.cs(69,30): warning CS8604: 'CreateViewConfiguration.CreateViewConfiguration(AttributeToFilter toFilter, NavigationColumnInfo? navigation = null, HtmlElementType elementType = HtmlElementType.Input, HtmlInputType inputType = HtmlInputType.text, string displayName = null, object defaultValue = null, bool isForeignKey = false)' içindeki 'displayName' parametresi için olası null başvuru bağımsız değişkeni. [c:\Users\ararg\source\AIRepos\Hydra\Hydra.csproj]
c:\Users\ararg\source\AIRepos\Hydra\DTOs\ViewConfigurations\CreateViewConfiguration.cs(70,31): warning CS8604: 'CreateViewConfiguration.CreateViewConfiguration(AttributeToFilter toFilter, NavigationColumnInfo? navigation = null, HtmlElementType elementType = HtmlElementType.Input, HtmlInputType inputType = HtmlInputType.text, string displayName = null, object defaultValue = null, bool isForeignKey = false)' içindeki 'defaultValue' parametresi için olası null başvuru bağımsız değişkeni. [c:\Users\ararg\source\AIRepos\Hydra\Hydra.csproj]
c:\Users\ararg\source\AIRepos\Hydra\Services\LogService.cs(86,57): warning CS8600: Null sabit değeri veya olası null değeri, boş değer atanamaz türe dönüştürülüyor. [c:\Users\ararg\source\AIRepos\Hydra\Hydra.csproj]
c:\Users\ararg\source\AIRepos\Hydra\DTOs\MetaColumnDTO.cs(421,237): warning CS8620: 'List<object>' türündeki bağımsız değişken, başvuru türlerinin null atanabilirlik farklılıkları nedeniyle 'MetaColumnDTO MetaColumnDTO.CreateColumnDTOWithFilter(string name, string? alias, int priority, string filterTypeName, int filterPriority, bool createFilterComponentFromThis, List<object?>? values)' içinde 'List<object?>' türündeki 'values' parametresi için kullanılamaz. [c:\Users\ararg\source\AIRepos\Hydra\Hydra.csproj]
c:\Users\ararg\source\AIRepos\Hydra\Services\Core\Service.Command.cs(286,56): warning CS8602: Olası bir null başvurunun başvurma işlemi. [c:\Users\ararg\source\AIRepos\Hydra\Hydra.csproj]
c:\Users\ararg\source\AIRepos\Hydra\DTOs\MetaColumnDTO.cs(426,240): warning CS8620: 'List<object>' türündeki bağımsız değişken, başvuru türlerinin null atanabilirlik farklılıkları nedeniyle 'MetaColumnDTO MetaColumnDTO.CreateColumnDTOWithFilter(string name, string? alias, int priority, string filterTypeName, int filterPriority, bool createFilterComponentFromThis, List<object?>? values)' içinde 'List<object?>' türündeki 'values' parametresi için kullanılamaz. [c:\Users\ararg\source\AIRepos\Hydra\Hydra.csproj]
c:\Users\ararg\source\AIRepos\Hydra\DTOs\ViewDTOs\ViewDTO.cs(399,105): warning CS8603: Olası null başvuru dönüşü. [c:\Users\ararg\source\AIRepos\Hydra\Hydra.csproj]
c:\Users\ararg\source\AIRepos\Hydra\DTOs\MetaColumnDTO.cs(431,259): warning CS8625: Null sabit değer, boş değer atanamayan başvuru türüne dönüştürülemiyor. [c:\Users\ararg\source\AIRepos\Hydra\Hydra.csproj]
c:\Users\ararg\source\AIRepos\Hydra\DTOs\MetaColumnDTO.cs(431,238): warning CS8620: 'List<object>' türündeki bağımsız değişken, başvuru türlerinin null atanabilirlik farklılıkları nedeniyle 'MetaColumnDTO MetaColumnDTO.CreateColumnDTOWithFilter(string name, string? alias, int priority, string filterTypeName, int filterPriority, bool createFilterComponentFromThis, List<object?>? values)' içinde 'List<object?>' türündeki 'values' parametresi için kullanılamaz. [c:\Users\ararg\source\AIRepos\Hydra\Hydra.csproj]
c:\Users\ararg\source\AIRepos\Hydra\DataModels\QueryBuilder.cs(55,134): warning CS8602: Olası bir null başvurunun başvurma işlemi. [c:\Users\ararg\source\AIRepos\Hydra\Hydra.csproj]
c:\Users\ararg\source\AIRepos\Hydra\DTOs\MetaColumnDTO.cs(436,262): warning CS8625: Null sabit değer, boş değer atanamayan başvuru türüne dönüştürülemiyor. [c:\Users\ararg\source\AIRepos\Hydra\Hydra.csproj]
c:\Users\ararg\source\AIRepos\Hydra\DTOs\MetaColumnDTO.cs(436,241): warning CS8620: 'List<object>' türündeki bağımsız değişken, başvuru türlerinin null atanabilirlik farklılıkları nedeniyle 'MetaColumnDTO MetaColumnDTO.CreateColumnDTOWithFilter(string name, string? alias, int priority, string filterTypeName, int filterPriority, bool createFilterComponentFromThis, List<object?>? values)' içinde 'List<object?>' türündeki 'values' parametresi için kullanılamaz. [c:\Users\ararg\source\AIRepos\Hydra\Hydra.csproj]
c:\Users\ararg\source\AIRepos\Hydra\DTOs\MetaColumnDTO.cs(441,240): warning CS8620: 'List<object>' türündeki bağımsız değişken, başvuru türlerinin null atanabilirlik farklılıkları nedeniyle 'MetaColumnDTO MetaColumnDTO.CreateColumnDTOWithFilter(string name, string? alias, int priority, string filterTypeName, int filterPriority, bool createFilterComponentFromThis, List<object?>? values)' içinde 'List<object?>' türündeki 'values' parametresi için kullanılamaz. [c:\Users\ararg\source\AIRepos\Hydra\Hydra.csproj]
c:\Users\ararg\source\AIRepos\Hydra\DTOs\MetaColumnDTO.cs(446,234): warning CS8620: 'List<object>' türündeki bağımsız değişken, başvuru türlerinin null atanabilirlik farklılıkları nedeniyle 'MetaColumnDTO MetaColumnDTO.CreateColumnDTOWithFilter(string name, string? alias, int priority, string filterTypeName, int filterPriority, bool createFilterComponentFromThis, List<object?>? values)' içinde 'List<object?>' türündeki 'values' parametresi için kullanılamaz. [c:\Users\ararg\source\AIRepos\Hydra\Hydra.csproj]
c:\Users\ararg\source\AIRepos\Hydra\DAL\Core\Repository.cs(144,44): warning CS8604: 'bool Func<byte[], byte[], bool>.Invoke(byte[] arg1, byte[] arg2)' içindeki 'arg1' parametresi için olası null başvuru bağımsız değişkeni. [c:\Users\ararg\source\AIRepos\Hydra\Hydra.csproj]
c:\Users\ararg\source\AIRepos\Hydra\DAL\Core\Repository.cs(144,54): warning CS8604: 'bool Func<byte[], byte[], bool>.Invoke(byte[] arg1, byte[] arg2)' içindeki 'arg2' parametresi için olası null başvuru bağımsız değişkeni. [c:\Users\ararg\source\AIRepos\Hydra\Hydra.csproj]
c:\Users\ararg\source\AIRepos\Hydra\DTOs\JoinTableDTO.cs(250,64): warning CS8604: 'JoinTableDTO.JoinTableDTO(string name, string alias, string leftTableName, string leftTableColumnName, JoinType joinType, string rightTableColumnName, string rightTableName)' içindeki 'leftTableName' parametresi için olası null başvuru bağımsız değişkeni. [c:\Users\ararg\source\AIRepos\Hydra\Hydra.csproj]
c:\Users\ararg\source\AIRepos\Hydra\Services\Core\Service.cs(150,26): warning CS8601: Olası null başvuru ataması. [c:\Users\ararg\source\AIRepos\Hydra\Hydra.csproj]
c:\Users\ararg\source\AIRepos\Hydra\DTOs\MetaColumnDTO.cs(498,78): warning CS8602: Olası bir null başvurunun başvurma işlemi. [c:\Users\ararg\source\AIRepos\Hydra\Hydra.csproj]
c:\Users\ararg\source\AIRepos\Hydra\DTOs\MetaColumnDTO.cs(619,101): warning CS8604: 'NavigationColumnInfo NavigationColumnInfoDTO.ConvertToNavigationColumnInfo(NavigationColumnInfoDTO navigationColumnInfoDTO)' içindeki 'navigationColumnInfoDTO' parametresi için olası null başvuru bağımsız değişkeni. [c:\Users\ararg\source\AIRepos\Hydra\Hydra.csproj]
c:\Users\ararg\source\AIRepos\Hydra\DTOs\MetaColumnDTO.cs(649,20): warning CS8603: Olası null başvuru dönüşü. [c:\Users\ararg\source\AIRepos\Hydra\Hydra.csproj]
c:\Users\ararg\source\AIRepos\Hydra\Services\Core\Service.Query.cs(33,23): warning CS8602: Olası bir null başvurunun başvurma işlemi. [c:\Users\ararg\source\AIRepos\Hydra\Hydra.csproj]
c:\Users\ararg\source\AIRepos\Hydra\DTOs\MetaColumnDTO.cs(655,24): warning CS8603: Olası null başvuru dönüşü. [c:\Users\ararg\source\AIRepos\Hydra\Hydra.csproj]
c:\Users\ararg\source\AIRepos\Hydra\DTOs\MetaColumnDTO.cs(657,28): warning CS8600: Null sabit değeri veya olası null değeri, boş değer atanamaz türe dönüştürülüyor. [c:\Users\ararg\source\AIRepos\Hydra\Hydra.csproj]
c:\Users\ararg\source\AIRepos\Hydra\DTOs\MetaColumnDTO.cs(659,80): warning CS8604: 'object? ReflectionHelper.GetValueOf(Type type, string propertyName, object obj)' içindeki 'propertyName' parametresi için olası null başvuru bağımsız değişkeni. [c:\Users\ararg\source\AIRepos\Hydra\Hydra.csproj]
c:\Users\ararg\source\AIRepos\Hydra\DTOs\MetaColumnDTO.cs(661,20): warning CS8603: Olası null başvuru dönüşü. [c:\Users\ararg\source\AIRepos\Hydra\Hydra.csproj]
c:\Users\ararg\source\AIRepos\Hydra\DTOs\TableDTO.cs(307,16): warning CS8618: Null atanamaz özellik 'Rows', oluşturucudan çıkış yaparken null olmayan bir değer içermelidir. 'Gerekli' değiştiricisini ekleyin veya özellik değerini null atanabilir olarak bildirmeyi göz önünde bulundurun. [c:\Users\ararg\source\AIRepos\Hydra\Hydra.csproj]
c:\Users\ararg\source\AIRepos\Hydra\DTOs\TableDTO.cs(307,16): warning CS8618: Null atanamaz özellik 'ViewDTOTypeName', oluşturucudan çıkış yaparken null olmayan bir değer içermelidir. 'Gerekli' değiştiricisini ekleyin veya özellik değerini null atanabilir olarak bildirmeyi göz önünde bulundurun. [c:\Users\ararg\source\AIRepos\Hydra\Hydra.csproj]
c:\Users\ararg\source\AIRepos\Hydra\DTOs\TableDTO.cs(307,16): warning CS8618: Null atanamaz özellik 'JoinTables', oluşturucudan çıkış yaparken null olmayan bir değer içermelidir. 'Gerekli' değiştiricisini ekleyin veya özellik değerini null atanabilir olarak bildirmeyi göz önünde bulundurun. [c:\Users\ararg\source\AIRepos\Hydra\Hydra.csproj]
c:\Users\ararg\source\AIRepos\Hydra\DTOs\TableDTO.cs(307,16): warning CS8618: Null atanamaz özellik 'MetaColumns', oluşturucudan çıkış yaparken null olmayan bir değer içermelidir. 'Gerekli' değiştiricisini ekleyin veya özellik değerini null atanabilir olarak bildirmeyi göz önünde bulundurun. [c:\Users\ararg\source\AIRepos\Hydra\Hydra.csproj]
c:\Users\ararg\source\AIRepos\Hydra\DTOs\TableDTO.cs(312,16): warning CS8618: Null atanamaz özellik 'Rows', oluşturucudan çıkış yaparken null olmayan bir değer içermelidir. 'Gerekli' değiştiricisini ekleyin veya özellik değerini null atanabilir olarak bildirmeyi göz önünde bulundurun. [c:\Users\ararg\source\AIRepos\Hydra\Hydra.csproj]
c:\Users\ararg\source\AIRepos\Hydra\DTOs\TableDTO.cs(312,16): warning CS8618: Null atanamaz özellik 'ViewDTOTypeName', oluşturucudan çıkış yaparken null olmayan bir değer içermelidir. 'Gerekli' değiştiricisini ekleyin veya özellik değerini null atanabilir olarak bildirmeyi göz önünde bulundurun. [c:\Users\ararg\source\AIRepos\Hydra\Hydra.csproj]
c:\Users\ararg\source\AIRepos\Hydra\DTOs\TableDTO.cs(312,16): warning CS8618: Null atanamaz özellik 'JoinTables', oluşturucudan çıkış yaparken null olmayan bir değer içermelidir. 'Gerekli' değiştiricisini ekleyin veya özellik değerini null atanabilir olarak bildirmeyi göz önünde bulundurun. [c:\Users\ararg\source\AIRepos\Hydra\Hydra.csproj]
c:\Users\ararg\source\AIRepos\Hydra\DTOs\TableDTO.cs(312,16): warning CS8618: Null atanamaz özellik 'MetaColumns', oluşturucudan çıkış yaparken null olmayan bir değer içermelidir. 'Gerekli' değiştiricisini ekleyin veya özellik değerini null atanabilir olarak bildirmeyi göz önünde bulundurun. [c:\Users\ararg\source\AIRepos\Hydra\Hydra.csproj]
c:\Users\ararg\source\AIRepos\Hydra\DTOs\TableDTO.cs(371,44): warning CS8604: 'JoinTableDTO JoinTableDTO.SetLeftTableName(string leftTableName)' içindeki 'leftTableName' parametresi için olası null başvuru bağımsız değişkeni. [c:\Users\ararg\source\AIRepos\Hydra\Hydra.csproj]
c:\Users\ararg\source\AIRepos\Hydra\DTOs\TableDTO.cs(382,64): warning CS8604: 'JoinTableDTO.JoinTableDTO(string name, string alias, string leftTableName, string leftTableColumnName, JoinType joinType, string rightTableColumnName, string rightTableName)' içindeki 'leftTableName' parametresi için olası null başvuru bağımsız değişkeni. [c:\Users\ararg\source\AIRepos\Hydra\Hydra.csproj]
c:\Users\ararg\source\AIRepos\Hydra\DataModels\QueryBuilder.cs(277,30): warning CS0168: 'ex' değişkeni ifade edilir ancak hiçbir zaman kullanılmaz [c:\Users\ararg\source\AIRepos\Hydra\Hydra.csproj]
c:\Users\ararg\source\AIRepos\Hydra\DTOs\TableDTO.cs(403,85): warning CS8602: Olası bir null başvurunun başvurma işlemi. [c:\Users\ararg\source\AIRepos\Hydra\Hydra.csproj]
c:\Users\ararg\source\AIRepos\Hydra\Services\Core\Service.Query.cs(202,56): warning CS8604: 'void List<TResult>.Add(TResult item)' içindeki 'item' parametresi için olası null başvuru bağımsız değişkeni. [c:\Users\ararg\source\AIRepos\Hydra\Hydra.csproj]
c:\Users\ararg\source\AIRepos\Hydra\Services\Core\Service.Query.cs(210,69): warning CS8604: 'string ExpressionHelper.GetExpressionBody<T>(Expression<Func<T, bool>> expression)' içindeki 'expression' parametresi için olası null başvuru bağımsız değişkeni. [c:\Users\ararg\source\AIRepos\Hydra\Hydra.csproj]
c:\Users\ararg\source\AIRepos\Hydra\DTOs\TableDTO.cs(488,90): warning CS8604: 'ConfigurationCacheGroup ViewDTOConfigurationCacheManager.GetOrLoad(Type dtoType, string tableName, ViewType viewType)' içindeki 'tableName' parametresi için olası null başvuru bağımsız değişkeni. [c:\Users\ararg\source\AIRepos\Hydra\Hydra.csproj]
c:\Users\ararg\source\AIRepos\Hydra\DTOs\TableDTO.cs(574,43): warning CS8602: Olası bir null başvurunun başvurma işlemi. [c:\Users\ararg\source\AIRepos\Hydra\Hydra.csproj]
c:\Users\ararg\source\AIRepos\Hydra\DTOs\TableDTO.cs(608,94): warning CS8625: Null sabit değer, boş değer atanamayan başvuru türüne dönüştürülemiyor. [c:\Users\ararg\source\AIRepos\Hydra\Hydra.csproj]
c:\Users\ararg\source\AIRepos\Hydra\DTOs\TableDTO.cs(646,110): warning CS8602: Olası bir null başvurunun başvurma işlemi. [c:\Users\ararg\source\AIRepos\Hydra\Hydra.csproj]
c:\Users\ararg\source\AIRepos\Hydra\DTOs\TableDTO.cs(652,56): warning CS8602: Olası bir null başvurunun başvurma işlemi. [c:\Users\ararg\source\AIRepos\Hydra\Hydra.csproj]
c:\Users\ararg\source\AIRepos\Hydra\DTOs\TableDTO.cs(662,29): warning CS8602: Olası bir null başvurunun başvurma işlemi. [c:\Users\ararg\source\AIRepos\Hydra\Hydra.csproj]
c:\Users\ararg\source\AIRepos\Hydra\DTOs\TableDTO.cs(692,55): warning CS8602: Olası bir null başvurunun başvurma işlemi. [c:\Users\ararg\source\AIRepos\Hydra\Hydra.csproj]
c:\Users\ararg\source\AIRepos\Hydra\DTOs\TableDTO.cs(693,48): warning CS8625: Null sabit değer, boş değer atanamayan başvuru türüne dönüştürülemiyor. [c:\Users\ararg\source\AIRepos\Hydra\Hydra.csproj]
c:\Users\ararg\source\AIRepos\Hydra\DTOs\TableDTO.cs(717,88): warning CS8602: Olası bir null başvurunun başvurma işlemi. [c:\Users\ararg\source\AIRepos\Hydra\Hydra.csproj]
c:\Users\ararg\source\AIRepos\Hydra\DTOs\TableDTO.cs(717,133): warning CS8602: Olası bir null başvurunun başvurma işlemi. [c:\Users\ararg\source\AIRepos\Hydra\Hydra.csproj]
c:\Users\ararg\source\AIRepos\Hydra\DTOs\TableDTO.cs(720,96): warning CS8604: 'JoinTableDTO TableDTO.GetJoinTableDTOByMetaColumnDTO(MetaColumnDTO navigationMetaColumn, MetaColumnDTO traceColumnToJoin = null)' içindeki 'traceColumnToJoin' parametresi için olası null başvuru bağımsız değişkeni. [c:\Users\ararg\source\AIRepos\Hydra\Hydra.csproj]
c:\Users\ararg\source\AIRepos\Hydra\DTOs\TableDTO.cs(722,85): warning CS8602: Olası bir null başvurunun başvurma işlemi. [c:\Users\ararg\source\AIRepos\Hydra\Hydra.csproj]
c:\Users\ararg\source\AIRepos\Hydra\DTOs\TableDTO.cs(722,128): warning CS8602: Olası bir null başvurunun başvurma işlemi. [c:\Users\ararg\source\AIRepos\Hydra\Hydra.csproj]
c:\Users\ararg\source\AIRepos\Hydra\DTOs\TableDTO.cs(724,84): warning CS8602: Olası bir null başvurunun başvurma işlemi. [c:\Users\ararg\source\AIRepos\Hydra\Hydra.csproj]
c:\Users\ararg\source\AIRepos\Hydra\DTOs\TableDTO.cs(728,54): warning CS8602: Olası bir null başvurunun başvurma işlemi. [c:\Users\ararg\source\AIRepos\Hydra\Hydra.csproj]
c:\Users\ararg\source\AIRepos\Hydra\DTOs\TableDTO.cs(734,85): warning CS8602: Olası bir null başvurunun başvurma işlemi. [c:\Users\ararg\source\AIRepos\Hydra\Hydra.csproj]
c:\Users\ararg\source\AIRepos\Hydra\DTOs\TableDTO.cs(734,128): warning CS8602: Olası bir null başvurunun başvurma işlemi. [c:\Users\ararg\source\AIRepos\Hydra\Hydra.csproj]
c:\Users\ararg\source\AIRepos\Hydra\DTOs\TableDTO.cs(736,84): warning CS8602: Olası bir null başvurunun başvurma işlemi. [c:\Users\ararg\source\AIRepos\Hydra\Hydra.csproj]
c:\Users\ararg\source\AIRepos\Hydra\DTOs\TableDTO.cs(740,54): warning CS8602: Olası bir null başvurunun başvurma işlemi. [c:\Users\ararg\source\AIRepos\Hydra\Hydra.csproj]
c:\Users\ararg\source\AIRepos\Hydra\DTOs\TableDTO.cs(746,83): warning CS8602: Olası bir null başvurunun başvurma işlemi. [c:\Users\ararg\source\AIRepos\Hydra\Hydra.csproj]
c:\Users\ararg\source\AIRepos\Hydra\DTOs\TableDTO.cs(746,126): warning CS8602: Olası bir null başvurunun başvurma işlemi. [c:\Users\ararg\source\AIRepos\Hydra\Hydra.csproj]
c:\Users\ararg\source\AIRepos\Hydra\DTOs\TableDTO.cs(748,83): warning CS8602: Olası bir null başvurunun başvurma işlemi. [c:\Users\ararg\source\AIRepos\Hydra\Hydra.csproj]
c:\Users\ararg\source\AIRepos\Hydra\DTOs\TableDTO.cs(752,53): warning CS8602: Olası bir null başvurunun başvurma işlemi. [c:\Users\ararg\source\AIRepos\Hydra\Hydra.csproj]
c:\Users\ararg\source\AIRepos\Hydra\DTOs\TableDTO.cs(768,73): warning CS8604: 'void TableDTO.CalculateTableDepth(List<MetaColumnDTO> columns, Dictionary<string, int> tableDepths, string tableName, int currentDepth)' içindeki 'tableName' parametresi için olası null başvuru bağımsız değişkeni. [c:\Users\ararg\source\AIRepos\Hydra\Hydra.csproj]
c:\Users\ararg\source\AIRepos\Hydra\DTOs\TableDTO.cs(899,23): warning CS8629: Boş değer atanabilir değer türü null olabilir. [c:\Users\ararg\source\AIRepos\Hydra\Hydra.csproj]
c:\Users\ararg\source\AIRepos\Hydra\DTOs\TableDTO.cs(906,52): warning CS8604: 'RowDTO RowDTO.SetTableName(string tableName)' içindeki 'tableName' parametresi için olası null başvuru bağımsız değişkeni. [c:\Users\ararg\source\AIRepos\Hydra\Hydra.csproj]
c:\Users\ararg\source\AIRepos\Hydra\DTOs\TableDTO.cs(908,45): warning CS8604: 'Guid? Helper.GetNullableGuid(object objectToConvert)' içindeki 'objectToConvert' parametresi için olası null başvuru bağımsız değişkeni. [c:\Users\ararg\source\AIRepos\Hydra\Hydra.csproj]
c:\Users\ararg\source\AIRepos\Hydra\DTOs\TableDTO.cs(910,26): warning CS8629: Boş değer atanabilir değer türü null olabilir. [c:\Users\ararg\source\AIRepos\Hydra\Hydra.csproj]
c:\Users\ararg\source\AIRepos\Hydra\DTOs\TableDTO.cs(914,75): warning CS8604: 'object? ReflectionHelper.GetValueOf(Type type, string propertyName, object obj)' içindeki 'propertyName' parametresi için olası null başvuru bağımsız değişkeni. [c:\Users\ararg\source\AIRepos\Hydra\Hydra.csproj]
c:\Users\ararg\source\AIRepos\Hydra\DTOs\TableDTO.cs(944,43): warning CS8600: Null sabit değeri veya olası null değeri, boş değer atanamaz türe dönüştürülüyor. [c:\Users\ararg\source\AIRepos\Hydra\Hydra.csproj]
c:\Users\ararg\source\AIRepos\Hydra\DTOs\TableDTO.cs(947,33): warning CS8600: Null sabit değeri veya olası null değeri, boş değer atanamaz türe dönüştürülüyor. [c:\Users\ararg\source\AIRepos\Hydra\Hydra.csproj]
c:\Users\ararg\source\AIRepos\Hydra\DTOs\TableDTO.cs(955,116): warning CS8602: Olası bir null başvurunun başvurma işlemi. [c:\Users\ararg\source\AIRepos\Hydra\Hydra.csproj]
c:\Users\ararg\source\AIRepos\Hydra\DTOs\TableDTO.cs(955,41): warning CS8600: Null sabit değeri veya olası null değeri, boş değer atanamaz türe dönüştürülüyor. [c:\Users\ararg\source\AIRepos\Hydra\Hydra.csproj]
c:\Users\ararg\source\AIRepos\Hydra\DTOs\TableDTO.cs(961,116): warning CS8602: Olası bir null başvurunun başvurma işlemi. [c:\Users\ararg\source\AIRepos\Hydra\Hydra.csproj]
c:\Users\ararg\source\AIRepos\Hydra\DTOs\TableDTO.cs(961,41): warning CS8600: Null sabit değeri veya olası null değeri, boş değer atanamaz türe dönüştürülüyor. [c:\Users\ararg\source\AIRepos\Hydra\Hydra.csproj]
c:\Users\ararg\source\AIRepos\Hydra\DTOs\TableDTO.cs(967,115): warning CS8602: Olası bir null başvurunun başvurma işlemi. [c:\Users\ararg\source\AIRepos\Hydra\Hydra.csproj]
c:\Users\ararg\source\AIRepos\Hydra\DTOs\TableDTO.cs(967,41): warning CS8600: Null sabit değeri veya olası null değeri, boş değer atanamaz türe dönüştürülüyor. [c:\Users\ararg\source\AIRepos\Hydra\Hydra.csproj]
c:\Users\ararg\source\AIRepos\Hydra\DTOs\TableDTO.cs(974,33): warning CS8600: Null sabit değeri veya olası null değeri, boş değer atanamaz türe dönüştürülüyor. [c:\Users\ararg\source\AIRepos\Hydra\Hydra.csproj]
c:\Users\ararg\source\AIRepos\Hydra\DTOs\TableDTO.cs(977,20): warning CS8603: Olası null başvuru dönüşü. [c:\Users\ararg\source\AIRepos\Hydra\Hydra.csproj]
c:\Users\ararg\source\AIRepos\Hydra\Services\RoleSystemUserService.cs(39,58): error CS1061: 'RoleSystemUserService' bir 'Injector' tanımı içermiyor ve 'RoleSystemUserService' türünde bir ilk bağımsız değişken kabul eden hiçbir erişilebilir 'Injector' genişletme yöntemi bulunamadı (bir kullanma yönergeniz veya derleme başvurunuz eksik olabilir mi?) [c:\Users\ararg\source\AIRepos\Hydra\Hydra.csproj]
c:\Users\ararg\source\AIRepos\Hydra\Services\RoleSystemUserService.cs(55,64): error CS1061: 'RoleSystemUserService' bir 'Injector' tanımı içermiyor ve 'RoleSystemUserService' türünde bir ilk bağımsız değişken kabul eden hiçbir erişilebilir 'Injector' genişletme yöntemi bulunamadı (bir kullanma yönergeniz veya derleme başvurunuz eksik olabilir mi?) [c:\Users\ararg\source\AIRepos\Hydra\Hydra.csproj]
    143 Uyarı
    2 Hata

Geçen Süre 00:00:01.50
